[0;33mWarning:[0m Deprecated: Command 'write_flash' is deprecated. Use 'write-flash' instead.
esptool v5.2.0
Serial port /dev/ttyACM0:
[1;31m
A fatal error occurred: Could not open /dev/ttyACM0, the port is busy or doesn't exist.
([Errno 11] Could not exclusively lock port /dev/ttyACM0: [Errno 11] Resource temporarily unavailable)
[0m
Building NVS configuration:
  WiFi SSID:     Ionity 2.4
  WiFi Password: ************
  Target IP:     localhost
  Target Port:   5005
  Node ID:       1
  Node Role:     tx (transmitter (NDP injection))
  Edge Tier:     2 (vitals)
  Top-K Subcarr: 8
Flashing NVS partition (24576 bytes) to /dev/ttyACM0...
Traceback (most recent call last):
  File "/home/antwerp/Creations/.2026/.Naked/RuView/firmware/esp32-csi-node/provision.py", line 381, in <module>
    main()
    ~~~~^^
  File "/home/antwerp/Creations/.2026/.Naked/RuView/firmware/esp32-csi-node/provision.py", line 377, in main
    flash_nvs(resolved_port, args.baud, nvs_bin)
    ~~~~~~~~~^^^^^^^^^^^^^^^^^^^^^^^^^^^^^^^^^^^
  File "/home/antwerp/Creations/.2026/.Naked/RuView/firmware/esp32-csi-node/provision.py", line 166, in flash_nvs
    subprocess.check_call(cmd)
    ~~~~~~~~~~~~~~~~~~~~~^^^^^
  File "/usr/lib/python3.13/subprocess.py", line 419, in check_call
    raise CalledProcessError(retcode, cmd)
subprocess.CalledProcessError: Command '['/usr/bin/python3', '-m', 'esptool', '--chip', 'esp32s3', '--port', '/dev/ttyACM0', '--baud', '460800', 'write_flash', '0x9000', '/tmp/tmpuz0ar4hf.bin']' returned non-zero exit status 2.
