[0;33mWarning:[0m Deprecated: Command 'write_flash' is deprecated. Use 'write-flash' instead.
esptool v5.2.0
Serial port /dev/ttyACM1:
Connecting...
[1A[2K[1A[2KConnected to ESP32-S3 on /dev/ttyACM1:
Chip type:          ESP32-S3 (QFN56) (revision v0.2)
Features:           Wi-Fi, BT 5 (LE), Dual Core + LP Core, 240MHz, Embedded PSRAM 8MB (AP_3v3)
Crystal frequency:  40MHz
USB mode:           USB-Serial/JTAG
MAC:                98:a3:16:e3:88:e8

Uploading stub flasher...
Running stub flasher...
[1A[2K[1A[2KStub flasher running.
Changing baud rate to 460800...
Changed.

Configuring flash size...
Flash will be erased from 0x00009000 to 0x0000efff...
Compressed 24576 bytes to 305...
[KWriting at 0x00009000 [                              ]   0.0% 0/305 bytes... [KWriting at 0x0000f000 [==============================] 100.0% 305/305 bytes... 
[1A[2K[1A[2KWrote 24576 bytes (305 compressed) at 0x00009000 in 0.2 seconds (864.6 kbit/s).
Verifying written data...
[1A[2KHash of data verified.

Hard resetting via RTS pin...
Building NVS configuration:
  WiFi SSID:     Ionity 2.4
  WiFi Password: ************
  Target IP:     172.23.9.61
  Target Port:   5005
  Node ID:       2
  Edge Tier:     0 (off (raw CSI))
  Top-K Subcarr: 8
Flashing NVS partition (24576 bytes) to /dev/ttyACM1...
NVS provisioning complete!
